# (2026-08-18 03:48:48.694)

spectrum.fit_redshift(**{'file': 'aurora-gdn02-v4_g235m-f170lp_1914_931951.spec.fits', 'z0': [2.3832, 2.5832], 'zstep': None, 'nspline': None, 'scale_disp': 1.3, 'vel_width': 100, 'Rline': None, 'is_prism': False, 'use_full_dispersion': False, 'ranges': None, 'sys_err': 0.02, 'kwargs': {}, 'froot': 'aurora-gdn02-v4_g235m-f170lp_1914_931951'})

load_sensitivity_curve: msaexp_sensitivity_g235m_f170lp_001.fits
load_sensitivity_curve: msaexp_sensitivity_g235m_f170lp_001.fits
load_sensitivity_curve: msaexp_sensitivity_g235m_f170lp_001.fits

# line flux err
# flux x 10^-20 erg/s/cm2
# aurora-gdn02-v4_g235m-f170lp_1914_931951.spec.fits
# z = 2.48319
# Mon Aug 17 23:49:07 2026
      line HeII-4687      -10.4 ±     18.5 (EW=     -4.8)
             line Hb      392.9 ±     16.8 (EW=    166.4)
      line OIII-4959      708.0 ±     28.3 (EW=    283.0)
      line OIII-5007     1012.8 ±     53.2 (EW=    397.4)
       line HeI-5877       74.8 ±      9.5 (EW=     53.2)
        line OI-6302       35.7 ±     10.7 (EW=     25.5)
      line SIII-6314       18.6 ±      9.6 (EW=     13.4)
       line NII-6549       21.5 ±      8.5 (EW=     18.2)
             line Ha     1206.0 ±     18.2 (EW=   1034.2)
       line NII-6584       59.0 ±      8.5 (EW=     51.4)
       line HeI-6680       10.9 ±      7.6 (EW=     10.1)
       line SII-6717      107.9 ±      9.0 (EW=    101.6)
       line SII-6731       81.9 ±      8.1 (EW=     77.6)
       line HeI-7065       17.0 ±      7.8 (EW=     16.7)
     line ArIII-7138       22.6 ±      7.6 (EW=     22.3)
       line OII-7323       16.7 ±      7.1 (EW=     16.8)
       line OII-7332        9.6 ±      7.1 (EW=      9.7)
     line ArIII-7753       20.6 ±      8.3 (EW=     24.2)
       line HeI-8446        6.6 ±      9.0 (EW=      8.4)
           line Pa10       10.6 ±      9.7 (EW=     16.8)
      line SIII-9068       91.3 ±      9.5 (EW=    153.7)
            line Pa9       20.8 ±      9.5 (EW=     38.9)
      line SIII-9531      173.4 ±      9.9 (EW=    216.7)
            line Pa8       16.1 ±      9.4 (EW=     20.4)
        line CI-9850        8.7 ±      9.4 (EW=     15.1)
            line PaD       35.5 ±      9.4 (EW=     60.6)
       line HeI-1083      121.3 ±      9.7 (EW=    244.0)
            line PaG       42.5 ±     10.1 (EW=     91.0)
     line FeII-11128        9.6 ±      9.7 (EW=     20.7)

