# (2026-08-18 03:49:11.676)

spectrum.fit_redshift(**{'file': 'aurora-gdn02-v4_g140m-f100lp_1914_931951.spec.fits', 'z0': [2.3832, 2.5832], 'zstep': None, 'nspline': None, 'scale_disp': 1.3, 'vel_width': 100, 'Rline': None, 'is_prism': False, 'use_full_dispersion': False, 'ranges': None, 'sys_err': 0.02, 'kwargs': {}, 'froot': 'aurora-gdn02-v4_g140m-f100lp_1914_931951'})

load_sensitivity_curve: msaexp_sensitivity_g140m_f100lp_001.fits
load_sensitivity_curve: msaexp_sensitivity_g140m_f100lp_001.fits
load_sensitivity_curve: msaexp_sensitivity_g140m_f100lp_001.fits

# line flux err
# flux x 10^-20 erg/s/cm2
# aurora-gdn02-v4_g140m-f100lp_1914_931951.spec.fits
# z = 2.48319
# Mon Aug 17 23:49:35 2026
           line MgII      -92.8 ±     24.2 (EW=    -16.1)
       line NeV-3346       -7.9 ±      7.4 (EW=     -1.9)
      line NeVI-3426        2.0 ±      6.4 (EW=      0.5)
            line OII      862.7 ±     14.5 (EW=    261.1)
            line H12       -3.5 ±      7.0 (EW=     -1.1)
            line H11        6.7 ±      7.4 (EW=      2.0)
            line H10        7.4 ±      7.1 (EW=      2.3)
             line H9       11.9 ±      7.4 (EW=      3.6)
     line NeIII-3867      156.8 ±      8.1 (EW=     47.8)
             line H8       47.7 ±      7.3 (EW=     14.6)
     line NeIII-3968       41.6 ±     10.0 (EW=     12.8)
             line H7       45.1 ±      9.5 (EW=     13.9)
             line Hd       88.4 ±      7.9 (EW=     28.7)
             line Hg      161.2 ±      8.4 (EW=     61.3)
      line OIII-4363       21.0 ±      7.4 (EW=      8.1)
      line HeII-4687       16.9 ±      8.1 (EW=      7.5)
             line Hb      367.7 ±     11.3 (EW=    169.7)
      line OIII-4959      623.5 ±     14.4 (EW=    293.5)
      line OIII-5007     1610.7 ±     24.0 (EW=    768.7)
       line HeI-5877       68.0 ±     11.4 (EW=     40.4)
        line OI-6302       43.0 ±     14.2 (EW=     32.1)
      line SIII-6314       10.8 ±     11.1 (EW=      8.1)
       line NII-6549       39.8 ±      9.5 (EW=     36.1)
             line Ha     1086.8 ±     18.3 (EW=   1002.4)
       line NII-6584       62.0 ±     10.4 (EW=     58.5)
       line HeI-6680        8.9 ±     10.3 (EW=      9.2)
       line SII-6717      100.9 ±     11.1 (EW=    106.1)
       line SII-6731       76.2 ±     10.6 (EW=     80.2)

